
> nyay-sathi-client@1.0.0 build
> node ./node_modules/vite/bin/vite.js build

[36mvite v5.4.21 [32mbuilding for production...[36m[39m
transforming...
[32mΓ£ô[39m 705 modules transformed.
rendering chunks...
computing gzip size...
[2mdist/[22m[32mindex.html                          [39m[1m[2m  0.52 kB[22m[1m[22m[2m Γöé gzip:   0.34 kB[22m
[2mdist/[22m[35massets/index-CgT-aZyG.css           [39m[1m[2m 35.94 kB[22m[1m[22m[2m Γöé gzip:   6.62 kB[22m
[2mdist/[22m[36massets/DashboardLayout-BSg95r4a.js  [39m[1m[2m  0.63 kB[22m[1m[22m[2m Γöé gzip:   0.32 kB[22m
[2mdist/[22m[36massets/PaymentSuccess-CAKFubnM.js   [39m[1m[2m  0.85 kB[22m[1m[22m[2m Γöé gzip:   0.49 kB[22m
[2mdist/[22m[36massets/VideoCall-BzmjE3cU.js        [39m[1m[2m  1.21 kB[22m[1m[22m[2m Γöé gzip:   0.75 kB[22m
[2mdist/[22m[36massets/Agreements-4woyDgkz.js       [39m[1m[2m  1.92 kB[22m[1m[22m[2m Γöé gzip:   0.91 kB[22m
[2mdist/[22m[36massets/Analyze-CEZXGPYU.js          [39m[1m[2m  2.52 kB[22m[1m[22m[2m Γöé gzip:   1.14 kB[22m
[2mdist/[22m[36massets/AdminDashboard-D_vGN0lx.js   [39m[1m[2m  3.65 kB[22m[1m[22m[2m Γöé gzip:   1.22 kB[22m
[2mdist/[22m[36massets/Pricing-YbYJn2-l.js          [39m[1m[2m  4.12 kB[22m[1m[22m[2m Γöé gzip:   1.88 kB[22m
[2mdist/[22m[36massets/Marketplace-C7P6dcds.js      [39m[1m[2m  4.29 kB[22m[1m[22m[2m Γöé gzip:   1.60 kB[22m
[2mdist/[22m[36massets/Nearby-BerK-6Zv.js           [39m[1m[2m  4.57 kB[22m[1m[22m[2m Γöé gzip:   1.75 kB[22m
[2mdist/[22m[36massets/Home-DxT5f66A.js             [39m[1m[2m  4.93 kB[22m[1m[22m[2m Γöé gzip:   1.56 kB[22m
[2mdist/[22m[36massets/Login-CwUNDyVn.js            [39m[1m[2m  5.02 kB[22m[1m[22m[2m Γöé gzip:   1.59 kB[22m
[2mdist/[22m[36massets/Register-oZoK-QjT.js         [39m[1m[2m  5.09 kB[22m[1m[22m[2m Γöé gzip:   1.29 kB[22m
[2mdist/[22m[36massets/LawyerDashboard-Cbz-ZKnK.js  [39m[1m[2m 12.38 kB[22m[1m[22m[2m Γöé gzip:   3.48 kB[22m
[2mdist/[22m[36massets/ClientDashboard-DJY0vr-q.js  [39m[1m[2m 14.73 kB[22m[1m[22m[2m Γöé gzip:   4.19 kB[22m
[2mdist/[22m[36massets/AgreementForm-KbaOK0a1.js    [39m[1m[2m 22.20 kB[22m[1m[22m[2m Γöé gzip:   7.40 kB[22m
[2mdist/[22m[36massets/Messages-CaoI4uSn.js         [39m[1m[2m 45.80 kB[22m[1m[22m[2m Γöé gzip:  14.67 kB[22m
[2mdist/[22m[36massets/Assistant-Ckhqft2b.js        [39m[1m[2m 45.95 kB[22m[1m[22m[2m Γöé gzip:  13.93 kB[22m
[2mdist/[22m[36massets/index-5YH4SJ3K.js            [39m[1m[2m117.57 kB[22m[1m[22m[2m Γöé gzip:  36.15 kB[22m
[2mdist/[22m[36massets/index-DvaC4mYn.js            [39m[1m[33m661.02 kB[39m[22m[2m Γöé gzip: 219.25 kB[22m
node.exe : [33m
At line:1 char:1
+ & "C:\Program Fil
es\nodejs/node.exe"
 "C:\Program Files\
nodejs/node_mo ...
+ ~~~~~~~~~~~~~~~~~
~~~~~~~~~~~~~~~~~~~
~~~~~~~~~~~~~~~~~~~
~~~~~~~~~~~~~~
    + CategoryInfo 
             : No  
  tSpecified: (   
 [33m:String) [    
], RemoteExcep    
tion
    + FullyQualifi 
   edErrorId : Na  
  tiveCommandErr   
 or
 
(!) Some chunks 
are larger than 
500 kB after 
minification. 
Consider:
- Using dynamic 
import() to 
code-split the 
application
- Use build.rollupO
ptions.output.manua
lChunks to improve 
chunking: https://r
ollupjs.org/configu
ration-options/#out
put-manualchunks
- Adjust chunk 
size limit for 
this warning via bu
ild.chunkSizeWarnin
gLimit.[39m
[32mΓ£ô built in 4.26s[39m
